[1/55] Building C object CMakeFiles/white_simulator.dir/Source/ADC.c.obj
[2/55] Building C object CMakeFiles/white_simulator.dir/Source/EE93CXX.c.obj
[3/55] Building C object CMakeFiles/white_simulator.dir/Source/ADS1100.c.obj
[4/55] Building C object CMakeFiles/white_simulator.dir/Source/Encoder.c.obj
[5/55] Building C object CMakeFiles/white_simulator.dir/Source/Operation.c.obj
[6/55] Building C object CMakeFiles/white_simulator.dir/Source/LCMDisplay.c.obj
[7/55] Building C object CMakeFiles/white_simulator.dir/Source/LCM.c.obj
[8/55] Building C object CMakeFiles/white_simulator.dir/Source/LCBSimulator.c.obj
[9/55] Building C object CMakeFiles/white_simulator.dir/Source/JHTLCBComm.c.obj
[10/55] Building ASM object CMakeFiles/white_simulator.dir/Libraries/CMSIS/CM3/DeviceSupport/ST/STM32F10x/startup/gcc_ride7/startup_stm32f10x_cl.s.obj
[11/55] Building C object CMakeFiles/white_simulator.dir/Source/RowerWatts.c.obj
[12/55] Building C object CMakeFiles/white_simulator.dir/Source/Sintable.c.obj
[13/55] Building C object CMakeFiles/white_simulator.dir/Source/Screen.c.obj
[14/55] Building C object CMakeFiles/white_simulator.dir/Source/SimulatorMain.c.obj
C:/Users/frankhung/FrankWork/_Project_build/GCC_IAR9_simulator_build/johnsonhealthtech-stm32f105-lcb-simulator/Source/SimulatorMain.c:32:1: warning: 'used' attribute ignored [-Wattributes]
   32 | extern __attribute__((section(".userinfo"), used)) const UserInfo_T UserInfo;
      | ^~~~~~
[15/55] Building C object CMakeFiles/white_simulator.dir/Source/system_stm32f10x.c.obj
[16/55] Building C object CMakeFiles/white_simulator.dir/Source/stm32f10x_it.c.obj
[17/55] Building C object CMakeFiles/white_simulator.dir/Libraries/STM32F10x_StdPeriph_Driver/src/stm32f10x_usart.c.obj
[18/55] Building C object CMakeFiles/white_simulator.dir/Libraries/STM32F10x_StdPeriph_Driver/src/stm32f10x_gpio.c.obj
[19/55] Building C object CMakeFiles/white_simulator.dir/Libraries/STM32F10x_StdPeriph_Driver/src/misc.c.obj
[20/55] Building C object CMakeFiles/white_simulator.dir/Libraries/STM32F10x_StdPeriph_Driver/src/stm32f10x_rcc.c.obj
[21/55] Building C object CMakeFiles/white_simulator.dir/Libraries/STM32F10x_StdPeriph_Driver/src/stm32f10x_dma.c.obj
[22/55] Building C object CMakeFiles/white_simulator.dir/Libraries/STM32F10x_StdPeriph_Driver/src/stm32f10x_tim.c.obj
[23/55] Building C object CMakeFiles/white_simulator.dir/Libraries/STM32F10x_StdPeriph_Driver/src/stm32f10x_adc.c.obj
[24/55] Building ASM object BootAPI/CMakeFiles/white_simulator_bootloader.dir/daa85f0c95b0915ea589caa81afa7ebe/startup/gcc_ride7/startup_stm32f10x_cl.s.obj
[25/55] Building C object BootAPI/CMakeFiles/white_simulator_bootloader.dir/src/Bootflash.c.obj
[26/55] Building C object BootAPI/CMakeFiles/white_simulator_bootloader.dir/src/Boot_it.c.obj
[27/55] Building C object BootAPI/CMakeFiles/white_simulator_bootloader.dir/__/Libraries/STM32F10x_StdPeriph_Driver/src/stm32f10x_gpio.c.obj
[28/55] Building C object BootAPI/CMakeFiles/white_simulator_bootloader.dir/__/Libraries/STM32F10x_StdPeriph_Driver/src/stm32f10x_usart.c.obj
[29/55] Building C object BootAPI/CMakeFiles/white_simulator_bootloader.dir/__/Libraries/STM32F10x_StdPeriph_Driver/src/misc.c.obj
[30/55] Building C object BootAPI/CMakeFiles/white_simulator_bootloader.dir/src/BootLCM.c.obj
[31/55] Building C object BootAPI/CMakeFiles/white_simulator_bootloader.dir/__/Libraries/STM32F10x_StdPeriph_Driver/src/stm32f10x_rcc.c.obj
[32/55] Building C object BootAPI/CMakeFiles/white_simulator_bootloader.dir/src/Stm32GPIO.c.obj
[33/55] Building C object BootAPI/CMakeFiles/white_simulator_bootloader.dir/LowLevelInitial/manual_init.c.obj
[34/55] Building C object BootAPI/CMakeFiles/white_simulator_bootloader.dir/src/Boot.c.obj
[35/55] Building C object BootAPI/CMakeFiles/white_simulator_bootloader.dir/__/Libraries/STM32F10x_StdPeriph_Driver/src/stm32f10x_adc.c.obj
[36/55] Building C object BootAPI/CMakeFiles/white_simulator_bootloader.dir/__/Libraries/STM32F10x_StdPeriph_Driver/src/stm32f10x_tim.c.obj
[37/55] Building C object BootAPI/CMakeFiles/white_simulator_bootloader.dir/__/Libraries/STM32F10x_StdPeriph_Driver/src/stm32f10x_dma.c.obj
[38/55] Building C object BootAPI/CMakeFiles/white_simulator_bootloader.dir/__/Libraries/FileSystem/fat/src/mst/mst.c.obj
[39/55] Building C object BootAPI/CMakeFiles/white_simulator_bootloader.dir/__/Libraries/FileSystem/fat/src/common/fat.c.obj
[40/55] Building C object BootAPI/CMakeFiles/white_simulator_bootloader.dir/__/Libraries/FileSystem/fat/src/common/port_f.c.obj
[41/55] Building C object BootAPI/CMakeFiles/white_simulator_bootloader.dir/__/Libraries/FileSystem/fat/src/common/fat_m.c.obj
[42/55] Building C object BootAPI/CMakeFiles/white_simulator_bootloader.dir/__/Libraries/FileSystem/fat/src/common/common.c.obj
[43/55] Building C object BootAPI/CMakeFiles/white_simulator_bootloader.dir/__/Libraries/FileSystem/fat/src/common/fat_lfn.c.obj
[44/55] Building C object BootAPI/CMakeFiles/white_simulator_bootloader.dir/__/Libraries/FileSystem/usb_host/usb_driver/mst/scsi.c.obj
[45/55] Building C object BootAPI/CMakeFiles/white_simulator_bootloader.dir/__/Libraries/FileSystem/usb_host/usb_driver/mst/usb_mst.c.obj
[46/55] Building C object BootAPI/CMakeFiles/white_simulator_bootloader.dir/__/Libraries/FileSystem/usb_host/pmgr/pmgr.c.obj
[47/55] Building C object BootAPI/CMakeFiles/white_simulator_bootloader.dir/__/Libraries/FileSystem/usb_host/stm32uh/stm32uh_hub.c.obj
[48/55] Building C object BootAPI/CMakeFiles/white_simulator_bootloader.dir/__/Libraries/FileSystem/usb_host/stm32uh/stm32uh_hw.c.obj
[49/55] Building C object BootAPI/CMakeFiles/white_simulator_bootloader.dir/__/Libraries/FileSystem/usb_host/stm32uh/stm32uh.c.obj
[50/55] Building C object BootAPI/CMakeFiles/white_simulator_bootloader.dir/__/Libraries/FileSystem/usb_host/usb_host.c.obj
[51/55] Building C object BootAPI/CMakeFiles/white_simulator_bootloader.dir/__/Libraries/FileSystem/usb_host/usb_utils.c.obj
[52/55] Building C object BootAPI/CMakeFiles/white_simulator_bootloader.dir/__/Libraries/FileSystem/os/nrtos/os_nrtos.c.obj
[53/55] Linking C executable white_simulator.elf
[54/55] Linking C executable BootAPI\white_simulator_bootloader.elf
[55/55] Combining bootloader and application into combined binary file
FAILED: [code=1] white_simulator_with_bootloader.bin C:/Users/frankhung/FrankWork/_Project_build/GCC_IAR9_simulator_build/johnsonhealthtech-stm32f105-lcb-simulator/build/white_simulator_with_bootloader.bin 
C:\Windows\system32\cmd.exe /C "cd /D C:\Users\frankhung\FrankWork\_Project_build\GCC_IAR9_simulator_build\johnsonhealthtech-stm32f105-lcb-simulator\build && srec_cat C:/Users/frankhung/FrankWork/_Project_build/GCC_IAR9_simulator_build/johnsonhealthtech-stm32f105-lcb-simulator/build/BootAPI/white_simulator_bootloader.hex -Intel -crop 0x08000000 0x0800D000 -offset -0x08000000 C:/Users/frankhung/FrankWork/_Project_build/GCC_IAR9_simulator_build/johnsonhealthtech-stm32f105-lcb-simulator/build/white_simulator.hex -Intel -crop 0x0800D000 0x08040000 -offset -0x08000000 -o white_simulator_with_bootloader.bin -Binary"
'srec_cat' 不是內部或外部命令、可執行的程式或批次檔。
ninja: build stopped: subcommand failed.
